Archive member included because of file (symbol)

c:/program files/winavr/bin/../lib/gcc/avr/4.3.2/avr51\libgcc.a(_mulsi3.o)
                              ./HardwareSerial.o (__mulsi3)
c:/program files/winavr/bin/../lib/gcc/avr/4.3.2/avr51\libgcc.a(_divmodhi4.o)
                              ./HardwareSerial.o (__divmodhi4)
c:/program files/winavr/bin/../lib/gcc/avr/4.3.2/avr51\libgcc.a(_udivmodsi4.o)
                              ./HardwareSerial.o (__udivmodsi4)
c:/program files/winavr/bin/../lib/gcc/avr/4.3.2/avr51\libgcc.a(_divmodsi4.o)
                              ./WMath.o (__divmodsi4)
c:/program files/winavr/bin/../lib/gcc/avr/4.3.2/avr51\libgcc.a(_exit.o)
                              c:/program files/winavr/bin/../lib/gcc/avr/4.3.2/../../../../avr/lib/avr51/crtm1280.o (exit)
c:/program files/winavr/bin/../lib/gcc/avr/4.3.2/avr51\libgcc.a(_clear_bss.o)
                              ./HardwareSerial.o (__do_clear_bss)
c:/program files/winavr/bin/../lib/gcc/avr/4.3.2/avr51\libgcc.a(_ctors.o)
                              ./HardwareSerial.o (__do_global_ctors)
c:/program files/winavr/bin/../lib/gcc/avr/4.3.2/avr51\libgcc.a(_fixunssfsi.o)
                              ./Print.o (__fixunssfsi)
c:/program files/winavr/bin/../lib/gcc/avr/4.3.2/avr51\libgcc.a(_addsub_sf.o)
                              ./Print.o (__subsf3)
c:/program files/winavr/bin/../lib/gcc/avr/4.3.2/avr51\libgcc.a(_mul_sf.o)
                              ./Print.o (__mulsf3)
c:/program files/winavr/bin/../lib/gcc/avr/4.3.2/avr51\libgcc.a(_div_sf.o)
                              ./Print.o (__divsf3)
c:/program files/winavr/bin/../lib/gcc/avr/4.3.2/avr51\libgcc.a(_ge_sf.o)
                              c:/program files/winavr/bin/../lib/gcc/avr/4.3.2/avr51\libgcc.a(_fixunssfsi.o) (__gesf2)
c:/program files/winavr/bin/../lib/gcc/avr/4.3.2/avr51\libgcc.a(_lt_sf.o)
                              ./Print.o (__ltsf2)
c:/program files/winavr/bin/../lib/gcc/avr/4.3.2/avr51\libgcc.a(_si_to_sf.o)
                              ./Print.o (__floatsisf)
c:/program files/winavr/bin/../lib/gcc/avr/4.3.2/avr51\libgcc.a(_sf_to_si.o)
                              ./Print.o (__fixsfsi)
c:/program files/winavr/bin/../lib/gcc/avr/4.3.2/avr51\libgcc.a(_thenan_sf.o)
                              c:/program files/winavr/bin/../lib/gcc/avr/4.3.2/avr51\libgcc.a(_addsub_sf.o) (__thenan_sf)
c:/program files/winavr/bin/../lib/gcc/avr/4.3.2/avr51\libgcc.a(_usi_to_sf.o)
                              ./Print.o (__floatunsisf)
c:/program files/winavr/bin/../lib/gcc/avr/4.3.2/avr51\libgcc.a(_udivmodhi4.o)
                              c:/program files/winavr/bin/../lib/gcc/avr/4.3.2/avr51\libgcc.a(_divmodhi4.o) (__udivmodhi4)
c:/program files/winavr/bin/../lib/gcc/avr/4.3.2/avr51\libgcc.a(_prologue.o)
                              c:/program files/winavr/bin/../lib/gcc/avr/4.3.2/avr51\libgcc.a(_addsub_sf.o) (__prologue_saves__)
c:/program files/winavr/bin/../lib/gcc/avr/4.3.2/avr51\libgcc.a(_epilogue.o)
                              c:/program files/winavr/bin/../lib/gcc/avr/4.3.2/avr51\libgcc.a(_addsub_sf.o) (__epilogue_restores__)
c:/program files/winavr/bin/../lib/gcc/avr/4.3.2/avr51\libgcc.a(_tablejump.o)
                              c:/program files/winavr/bin/../lib/gcc/avr/4.3.2/avr51\libgcc.a(_ctors.o) (__tablejump__)
c:/program files/winavr/bin/../lib/gcc/avr/4.3.2/avr51\libgcc.a(_clzsi2.o)
                              c:/program files/winavr/bin/../lib/gcc/avr/4.3.2/avr51\libgcc.a(_si_to_sf.o) (__clzsi2)
c:/program files/winavr/bin/../lib/gcc/avr/4.3.2/avr51\libgcc.a(_pack_sf.o)
                              c:/program files/winavr/bin/../lib/gcc/avr/4.3.2/avr51\libgcc.a(_addsub_sf.o) (__pack_f)
c:/program files/winavr/bin/../lib/gcc/avr/4.3.2/avr51\libgcc.a(_unpack_sf.o)
                              c:/program files/winavr/bin/../lib/gcc/avr/4.3.2/avr51\libgcc.a(_addsub_sf.o) (__unpack_f)
c:/program files/winavr/bin/../lib/gcc/avr/4.3.2/avr51\libgcc.a(_fpcmp_parts_sf.o)
                              c:/program files/winavr/bin/../lib/gcc/avr/4.3.2/avr51\libgcc.a(_ge_sf.o) (__fpcmp_parts_f)
c:/program files/winavr/bin/../lib/gcc/avr/4.3.2/avr51\libgcc.a(_clz.o)
                              c:/program files/winavr/bin/../lib/gcc/avr/4.3.2/avr51\libgcc.a(_clzsi2.o) (__clz_tab)
c:/program files/winavr/bin/../lib/gcc/avr/4.3.2/../../../../avr/lib/avr51\libc.a(random.o)
                              ./WMath.o (random)

Memory Configuration

Name             Origin             Length             Attributes
text             0x00000000         0x00020000         xr
data             0x00800060         0x0000ffa0         rw !x
eeprom           0x00810000         0x00010000         rw !x
fuse             0x00820000         0x00000400         rw !x
lock             0x00830000         0x00000400         rw !x
signature        0x00840000         0x00000400         rw !x
*default*        0x00000000         0xffffffff

Linker script and memory map

Address of section .data set to 0x800200
LOAD c:/program files/winavr/bin/../lib/gcc/avr/4.3.2/../../../../avr/lib/avr51/crtm1280.o
LOAD ./HardwareSerial.o
LOAD ./Print.o
LOAD ./Tone.o
LOAD ./WInterrupts.o
LOAD ./WMath.o
LOAD ./main.o
LOAD ./pins_arduino.o
LOAD ./wiring.o
LOAD ./wiring_analog.o
LOAD ./wiring_digital.o
LOAD ./wiring_pulse.o
LOAD ./wiring_shift.o
LOAD c:/program files/winavr/bin/../lib/gcc/avr/4.3.2/avr51\libgcc.a
LOAD c:/program files/winavr/bin/../lib/gcc/avr/4.3.2/../../../../avr/lib/avr51\libm.a
LOAD c:/program files/winavr/bin/../lib/gcc/avr/4.3.2/avr51\libgcc.a
LOAD c:/program files/winavr/bin/../lib/gcc/avr/4.3.2/../../../../avr/lib/avr51\libc.a
LOAD c:/program files/winavr/bin/../lib/gcc/avr/4.3.2/avr51\libgcc.a

.hash
 *(.hash)

.dynsym
 *(.dynsym)

.dynstr
 *(.dynstr)

.gnu.version
 *(.gnu.version)

.gnu.version_d
 *(.gnu.version_d)

.gnu.version_r
 *(.gnu.version_r)

.rel.init
 *(.rel.init)

.rela.init
 *(.rela.init)

.rel.text
 *(.rel.text)
 *(.rel.text.*)
 *(.rel.gnu.linkonce.t*)

.rela.text
 *(.rela.text)
 *(.rela.text.*)
 *(.rela.gnu.linkonce.t*)

.rel.fini
 *(.rel.fini)

.rela.fini
 *(.rela.fini)

.rel.rodata
 *(.rel.rodata)
 *(.rel.rodata.*)
 *(.rel.gnu.linkonce.r*)

.rela.rodata
 *(.rela.rodata)
 *(.rela.rodata.*)
 *(.rela.gnu.linkonce.r*)

.rel.data
 *(.rel.data)
 *(.rel.data.*)
 *(.rel.gnu.linkonce.d*)

.rela.data
 *(.rela.data)
 *(.rela.data.*)
 *(.rela.gnu.linkonce.d*)

.rel.ctors
 *(.rel.ctors)

.rela.ctors
 *(.rela.ctors)

.rel.dtors
 *(.rel.dtors)

.rela.dtors
 *(.rela.dtors)

.rel.got
 *(.rel.got)

.rela.got
 *(.rela.got)

.rel.bss
 *(.rel.bss)

.rela.bss
 *(.rela.bss)

.rel.plt
 *(.rel.plt)

.rela.plt
 *(.rela.plt)

.text           0x00000000     0x33ee
 *(.vectors)
 .vectors       0x00000000       0xe4 c:/program files/winavr/bin/../lib/gcc/avr/4.3.2/../../../../avr/lib/avr51/crtm1280.o
                0x00000000                __vectors
                0x00000000                __vector_default
 *(.vectors)
 *(.progmem.gcc*)
 *(.progmem*)
 .progmem.data  0x000000e4        0x1 ./Tone.o
 .progmem.data  0x000000e5      0x120 ./pins_arduino.o
                0x000000e5                port_to_mode_PGM
                0x00000133                digital_pin_to_port_PGM
                0x00000179                digital_pin_to_bit_mask_PGM
                0x000000ff                port_to_output_PGM
                0x00000119                port_to_input_PGM
                0x000001bf                digital_pin_to_timer_PGM
                0x00000206                . = ALIGN (0x2)
 *fill*         0x00000205        0x1 00
                0x00000206                __trampolines_start = .
 *(.trampolines)
 .trampolines   0x00000206        0x0 linker stubs
 *(.trampolines*)
                0x00000206                __trampolines_end = .
 *(.jumptables)
 *(.jumptables*)
 *(.lowtext)
 *(.lowtext*)
                0x00000206                __ctors_start = .
 *(.ctors)
 .ctors         0x00000206        0x2 ./HardwareSerial.o
                0x00000208                __ctors_end = .
                0x00000208                __dtors_start = .
 *(.dtors)
                0x00000208                __dtors_end = .
 SORT(*)(.ctors)
 SORT(*)(.dtors)
 *(.init0)
 .init0         0x00000208        0x0 c:/program files/winavr/bin/../lib/gcc/avr/4.3.2/../../../../avr/lib/avr51/crtm1280.o
                0x00000208                __init
 *(.init0)
 *(.init1)
 *(.init1)
 *(.init2)
 .init2         0x00000208        0xc c:/program files/winavr/bin/../lib/gcc/avr/4.3.2/../../../../avr/lib/avr51/crtm1280.o
 *(.init2)
 *(.init3)
 *(.init3)
 *(.init4)
 .init4         0x00000214       0x1a c:/program files/winavr/bin/../lib/gcc/avr/4.3.2/../../../../avr/lib/avr51/crtm1280.o
                0x00000214                __do_copy_data
 .init4         0x0000022e       0x10 c:/program files/winavr/bin/../lib/gcc/avr/4.3.2/avr51\libgcc.a(_clear_bss.o)
                0x0000022e                __do_clear_bss
 *(.init4)
 *(.init5)
 *(.init5)
 *(.init6)
 .init6         0x0000023e       0x16 c:/program files/winavr/bin/../lib/gcc/avr/4.3.2/avr51\libgcc.a(_ctors.o)
                0x0000023e                __do_global_ctors
 *(.init6)
 *(.init7)
 *(.init7)
 *(.init8)
 *(.init8)
 *(.init9)
 .init9         0x00000254        0x8 c:/program files/winavr/bin/../lib/gcc/avr/4.3.2/../../../../avr/lib/avr51/crtm1280.o
 *(.init9)
 *(.text)
 .text          0x0000025c        0x4 c:/program files/winavr/bin/../lib/gcc/avr/4.3.2/../../../../avr/lib/avr51/crtm1280.o
                0x0000025c                __vector_38
                0x0000025c                __vector_22
                0x0000025c                __vector_28
                0x0000025c                __vector_32
                0x0000025c                __vector_34
                0x0000025c                __vector_24
                0x0000025c                __vector_12
                0x0000025c                __vector_55
                0x0000025c                __vector_46
                0x0000025c                __bad_interrupt
                0x0000025c                __vector_31
                0x0000025c                __vector_35
                0x0000025c                __vector_39
                0x0000025c                __vector_30
                0x0000025c                __vector_45
                0x0000025c                __vector_11
                0x0000025c                __vector_17
                0x0000025c                __vector_19
                0x0000025c                __vector_56
                0x0000025c                __vector_49
                0x0000025c                __vector_41
                0x0000025c                __vector_43
                0x0000025c                __vector_27
                0x0000025c                __vector_33
                0x0000025c                __vector_47
                0x0000025c                __vector_52
                0x0000025c                __vector_37
                0x0000025c                __vector_44
                0x0000025c                __vector_9
                0x0000025c                __vector_21
                0x0000025c                __vector_15
                0x0000025c                __vector_29
                0x0000025c                __vector_40
                0x0000025c                __vector_26
                0x0000025c                __vector_48
                0x0000025c                __vector_14
                0x0000025c                __vector_53
                0x0000025c                __vector_10
                0x0000025c                __vector_50
                0x0000025c                __vector_16
                0x0000025c                __vector_18
                0x0000025c                __vector_20
                0x0000025c                __vector_42
 .text          0x00000260      0x752 ./HardwareSerial.o
                0x0000075c                HardwareSerial::available()
                0x000007ec                HardwareSerial::write(unsigned char)
                0x00000528                HardwareSerial::begin(unsigned long)
                0x00000260                __vector_25
                0x000003e6                __vector_54
                0x000007d4                HardwareSerial::flush()
                0x00000708                HardwareSerial::end()
                0x000004c8                HardwareSerial::HardwareSerial(ring_buffer*, unsigned char volatile*, unsigned char volatile*, unsigned char volatile*, unsigned char volatile*, unsigned char volatile*, unsigned char, unsigned char, unsigned char, unsigned char, unsigned char)
                0x00000468                HardwareSerial::HardwareSerial(ring_buffer*, unsigned char volatile*, unsigned char volatile*, unsigned char volatile*, unsigned char volatile*, unsigned char volatile*, unsigned char, unsigned char, unsigned char, unsigned char, unsigned char)
                0x00000364                __vector_51
                0x000002e2                __vector_36
                0x00000784                HardwareSerial::read()
 .text          0x000009b2      0x53c ./Print.o
                0x00000cbe                Print::println(unsigned int, int)
                0x00000c7a                Print::println()
                0x00000d50                Print::println(int, int)
                0x00000a30                Print::printNumber(unsigned long, unsigned char)
                0x000009e2                Print::write(unsigned char const*, unsigned int)
                0x00000ed2                Print::print(double, int)
                0x00000c56                Print::print(char, int)
                0x000009b2                Print::write(char const*)
                0x00000dba                Print::printFloat(double, unsigned char)
                0x00000c30                Print::print(int, int)
                0x00000ba0                Print::print(unsigned char, int)
                0x00000d24                Print::println(char const*)
                0x00000cf0                Print::println(unsigned char, int)
                0x00000d86                Print::println(char, int)
                0x00000b7e                Print::print(unsigned int, int)
                0x00000a20                Print::print(char const*)
                0x00000b60                Print::print(unsigned long, int)
                0x00000d3a                Print::println(long, int)
                0x00000ed8                Print::println(double, int)
                0x00000bc4                Print::print(long, int)
                0x00000ca8                Print::println(unsigned long, int)
 .text          0x00000eee      0x704 ./Tone.o
                0x00000f9e                noTone(unsigned char)
                0x00001000                tone(unsigned char, unsigned int, unsigned long)
                0x00000eee                __vector_13
 .text          0x000015f2      0x460 ./WInterrupts.o
                0x00001742                __vector_1
                0x0000192c                __vector_6
                0x00001806                __vector_3
                0x000015f2                attachInterrupt
                0x000016ea                detachInterrupt
                0x0000198e                __vector_7
                0x000018ca                __vector_5
                0x00001868                __vector_4
                0x000017a4                __vector_2
                0x000019f0                __vector_8
 .text          0x00001a52      0x132 ./WMath.o
                0x00001ae6                makeWord(unsigned char, unsigned char)
                0x00001b38                random(long, long)
                0x00001b74                randomSeed(unsigned int)
                0x00001a52                map(long, long, long, long, long)
                0x00001ae4                makeWord(unsigned int)
                0x00001af4                random(long)
 .text          0x00001b84       0x3a ./main.o
                0x00001bb4                main
                0x00001b84                setup
 .text          0x00001bbe        0x0 ./pins_arduino.o
 .text          0x00001bbe      0x222 ./wiring.o
                0x00001bbe                __vector_23
                0x00001d1e                init
                0x00001c6a                micros
                0x00001cb6                delay
                0x00001c4e                millis
                0x00001d0a                delayMicroseconds
 .text          0x00001de0      0x1de ./wiring_analog.o
                0x00001e46                analogWrite
                0x00001de0                analogReference
                0x00001de6                analogRead
 .text          0x00001fbe      0x26e ./wiring_digital.o
                0x00002114                digitalRead
                0x00001ffe                digitalWrite
                0x00001fbe                pinMode
 .text          0x0000222c      0x102 ./wiring_pulse.o
                0x0000222c                pulseIn
 .text          0x0000232e       0x82 ./wiring_shift.o
                0x0000232e                shiftOut
 .text          0x000023b0        0x0 c:/program files/winavr/bin/../lib/gcc/avr/4.3.2/avr51\libgcc.a(_mulsi3.o)
 .text          0x000023b0        0x0 c:/program files/winavr/bin/../lib/gcc/avr/4.3.2/avr51\libgcc.a(_divmodhi4.o)
 .text          0x000023b0        0x0 c:/program files/winavr/bin/../lib/gcc/avr/4.3.2/avr51\libgcc.a(_udivmodsi4.o)
 .text          0x000023b0        0x0 c:/program files/winavr/bin/../lib/gcc/avr/4.3.2/avr51\libgcc.a(_divmodsi4.o)
 .text          0x000023b0        0x0 c:/program files/winavr/bin/../lib/gcc/avr/4.3.2/avr51\libgcc.a(_exit.o)
 .text          0x000023b0        0x0 c:/program files/winavr/bin/../lib/gcc/avr/4.3.2/avr51\libgcc.a(_clear_bss.o)
 .text          0x000023b0        0x0 c:/program files/winavr/bin/../lib/gcc/avr/4.3.2/avr51\libgcc.a(_ctors.o)
 .text          0x000023b0       0x58 c:/program files/winavr/bin/../lib/gcc/avr/4.3.2/avr51\libgcc.a(_fixunssfsi.o)
                0x000023b0                __fixunssfsi
 .text          0x00002408      0x354 c:/program files/winavr/bin/../lib/gcc/avr/4.3.2/avr51\libgcc.a(_addsub_sf.o)
                0x000026a0                __subsf3
                0x00002702                __addsf3
 .text          0x0000275c      0x1f4 c:/program files/winavr/bin/../lib/gcc/avr/4.3.2/avr51\libgcc.a(_mul_sf.o)
                0x0000275c                __mulsf3
 .text          0x00002950      0x158 c:/program files/winavr/bin/../lib/gcc/avr/4.3.2/avr51\libgcc.a(_div_sf.o)
                0x00002950                __divsf3
 .text          0x00002aa8       0x60 c:/program files/winavr/bin/../lib/gcc/avr/4.3.2/avr51\libgcc.a(_ge_sf.o)
                0x00002aa8                __gesf2
 .text          0x00002b08       0x60 c:/program files/winavr/bin/../lib/gcc/avr/4.3.2/avr51\libgcc.a(_lt_sf.o)
                0x00002b08                __ltsf2
 .text          0x00002b68       0xbc c:/program files/winavr/bin/../lib/gcc/avr/4.3.2/avr51\libgcc.a(_si_to_sf.o)
                0x00002b68                __floatsisf
 .text          0x00002c24       0xa8 c:/program files/winavr/bin/../lib/gcc/avr/4.3.2/avr51\libgcc.a(_sf_to_si.o)
                0x00002c24                __fixsfsi
 .text          0x00002ccc        0x0 c:/program files/winavr/bin/../lib/gcc/avr/4.3.2/avr51\libgcc.a(_thenan_sf.o)
 .text          0x00002ccc       0xf2 c:/program files/winavr/bin/../lib/gcc/avr/4.3.2/avr51\libgcc.a(_usi_to_sf.o)
                0x00002ccc                __floatunsisf
 .text          0x00002dbe        0x0 c:/program files/winavr/bin/../lib/gcc/avr/4.3.2/avr51\libgcc.a(_udivmodhi4.o)
 .text          0x00002dbe        0x0 c:/program files/winavr/bin/../lib/gcc/avr/4.3.2/avr51\libgcc.a(_prologue.o)
 .text          0x00002dbe        0x0 c:/program files/winavr/bin/../lib/gcc/avr/4.3.2/avr51\libgcc.a(_epilogue.o)
 .text          0x00002dbe        0x0 c:/program files/winavr/bin/../lib/gcc/avr/4.3.2/avr51\libgcc.a(_tablejump.o)
 .text          0x00002dbe       0x9e c:/program files/winavr/bin/../lib/gcc/avr/4.3.2/avr51\libgcc.a(_clzsi2.o)
                0x00002dbe                __clzsi2
 .text          0x00002e5c      0x1aa c:/program files/winavr/bin/../lib/gcc/avr/4.3.2/avr51\libgcc.a(_pack_sf.o)
                0x00002e5c                __pack_f
 .text          0x00003006       0xf0 c:/program files/winavr/bin/../lib/gcc/avr/4.3.2/avr51\libgcc.a(_unpack_sf.o)
                0x00003006                __unpack_f
 .text          0x000030f6       0xb2 c:/program files/winavr/bin/../lib/gcc/avr/4.3.2/avr51\libgcc.a(_fpcmp_parts_sf.o)
                0x000030f6                __fpcmp_parts_f
 .text          0x000031a8        0x0 c:/program files/winavr/bin/../lib/gcc/avr/4.3.2/avr51\libgcc.a(_clz.o)
 .text          0x000031a8       0xc2 c:/program files/winavr/bin/../lib/gcc/avr/4.3.2/../../../../avr/lib/avr51\libc.a(random.o)
                0x0000324e                random
                0x00003248                random_r
                0x00003258                srandom
                0x0000326a                . = ALIGN (0x2)
 *(.text.*)
 .text.libgcc   0x0000326a       0x3e c:/program files/winavr/bin/../lib/gcc/avr/4.3.2/avr51\libgcc.a(_mulsi3.o)
                0x0000326a                __mulsi3
 .text.libgcc   0x000032a8       0x26 c:/program files/winavr/bin/../lib/gcc/avr/4.3.2/avr51\libgcc.a(_divmodhi4.o)
                0x000032a8                __divmodhi4
                0x000032a8                _div
 .text.libgcc   0x000032ce       0x44 c:/program files/winavr/bin/../lib/gcc/avr/4.3.2/avr51\libgcc.a(_udivmodsi4.o)
                0x000032ce                __udivmodsi4
 .text.libgcc   0x00003312       0x36 c:/program files/winavr/bin/../lib/gcc/avr/4.3.2/avr51\libgcc.a(_divmodsi4.o)
                0x00003312                __divmodsi4
 .text.libgcc   0x00003348        0x0 c:/program files/winavr/bin/../lib/gcc/avr/4.3.2/avr51\libgcc.a(_exit.o)
 .text.libgcc   0x00003348        0x0 c:/program files/winavr/bin/../lib/gcc/avr/4.3.2/avr51\libgcc.a(_clear_bss.o)
 .text.libgcc   0x00003348        0x0 c:/program files/winavr/bin/../lib/gcc/avr/4.3.2/avr51\libgcc.a(_ctors.o)
 .text.libgcc   0x00003348       0x28 c:/program files/winavr/bin/../lib/gcc/avr/4.3.2/avr51\libgcc.a(_udivmodhi4.o)
                0x00003348                __udivmodhi4
 .text.libgcc   0x00003370       0x38 c:/program files/winavr/bin/../lib/gcc/avr/4.3.2/avr51\libgcc.a(_prologue.o)
                0x00003370                __prologue_saves__
 .text.libgcc   0x000033a8       0x36 c:/program files/winavr/bin/../lib/gcc/avr/4.3.2/avr51\libgcc.a(_epilogue.o)
                0x000033a8                __epilogue_restores__
 .text.libgcc   0x000033de        0xc c:/program files/winavr/bin/../lib/gcc/avr/4.3.2/avr51\libgcc.a(_tablejump.o)
                0x000033e2                __tablejump__
                0x000033de                __tablejump2__
                0x000033ea                . = ALIGN (0x2)
 *(.fini9)
 .fini9         0x000033ea        0x0 c:/program files/winavr/bin/../lib/gcc/avr/4.3.2/avr51\libgcc.a(_exit.o)
                0x000033ea                exit
                0x000033ea                _exit
 *(.fini9)
 *(.fini8)
 *(.fini8)
 *(.fini7)
 *(.fini7)
 *(.fini6)
 *(.fini6)
 *(.fini5)
 *(.fini5)
 *(.fini4)
 *(.fini4)
 *(.fini3)
 *(.fini3)
 *(.fini2)
 *(.fini2)
 *(.fini1)
 *(.fini1)
 *(.fini0)
 .fini0         0x000033ea        0x4 c:/program files/winavr/bin/../lib/gcc/avr/4.3.2/avr51\libgcc.a(_exit.o)
 *(.fini0)
                0x000033ee                _etext = .

.data           0x00800200      0x14e load address 0x000033ee
                0x00800200                PROVIDE (__data_start, .)
 *(.data)
 .data          0x00800200        0x0 c:/program files/winavr/bin/../lib/gcc/avr/4.3.2/../../../../avr/lib/avr51/crtm1280.o
 .data          0x00800200        0xa ./HardwareSerial.o
                0x00800200                vtable for HardwareSerial
 .data          0x0080020a        0x2 ./Print.o
 .data          0x0080020c        0x1 ./Tone.o
 .data          0x0080020d        0x0 ./WInterrupts.o
 .data          0x0080020d        0x0 ./WMath.o
 .data          0x0080020d       0x33 ./main.o
 .data          0x00800240        0x0 ./pins_arduino.o
 .data          0x00800240        0x0 ./wiring.o
 .data          0x00800240        0x1 ./wiring_analog.o
                0x00800240                analog_reference
 .data          0x00800241        0x0 ./wiring_digital.o
 .data          0x00800241        0x0 ./wiring_pulse.o
 .data          0x00800241        0x0 ./wiring_shift.o
 .data          0x00800241        0x0 c:/program files/winavr/bin/../lib/gcc/avr/4.3.2/avr51\libgcc.a(_mulsi3.o)
 .data          0x00800241        0x0 c:/program files/winavr/bin/../lib/gcc/avr/4.3.2/avr51\libgcc.a(_divmodhi4.o)
 .data          0x00800241        0x0 c:/program files/winavr/bin/../lib/gcc/avr/4.3.2/avr51\libgcc.a(_udivmodsi4.o)
 .data          0x00800241        0x0 c:/program files/winavr/bin/../lib/gcc/avr/4.3.2/avr51\libgcc.a(_divmodsi4.o)
 .data          0x00800241        0x0 c:/program files/winavr/bin/../lib/gcc/avr/4.3.2/avr51\libgcc.a(_exit.o)
 .data          0x00800241        0x0 c:/program files/winavr/bin/../lib/gcc/avr/4.3.2/avr51\libgcc.a(_clear_bss.o)
 .data          0x00800241        0x0 c:/program files/winavr/bin/../lib/gcc/avr/4.3.2/avr51\libgcc.a(_ctors.o)
 .data          0x00800241        0x0 c:/program files/winavr/bin/../lib/gcc/avr/4.3.2/avr51\libgcc.a(_fixunssfsi.o)
 .data          0x00800241        0x0 c:/program files/winavr/bin/../lib/gcc/avr/4.3.2/avr51\libgcc.a(_addsub_sf.o)
 .data          0x00800241        0x0 c:/program files/winavr/bin/../lib/gcc/avr/4.3.2/avr51\libgcc.a(_mul_sf.o)
 .data          0x00800241        0x0 c:/program files/winavr/bin/../lib/gcc/avr/4.3.2/avr51\libgcc.a(_div_sf.o)
 .data          0x00800241        0x0 c:/program files/winavr/bin/../lib/gcc/avr/4.3.2/avr51\libgcc.a(_ge_sf.o)
 .data          0x00800241        0x0 c:/program files/winavr/bin/../lib/gcc/avr/4.3.2/avr51\libgcc.a(_lt_sf.o)
 .data          0x00800241        0x0 c:/program files/winavr/bin/../lib/gcc/avr/4.3.2/avr51\libgcc.a(_si_to_sf.o)
 .data          0x00800241        0x0 c:/program files/winavr/bin/../lib/gcc/avr/4.3.2/avr51\libgcc.a(_sf_to_si.o)
 .data          0x00800241        0x8 c:/program files/winavr/bin/../lib/gcc/avr/4.3.2/avr51\libgcc.a(_thenan_sf.o)
                0x00800241                __thenan_sf
 .data          0x00800249        0x0 c:/program files/winavr/bin/../lib/gcc/avr/4.3.2/avr51\libgcc.a(_usi_to_sf.o)
 .data          0x00800249        0x0 c:/program files/winavr/bin/../lib/gcc/avr/4.3.2/avr51\libgcc.a(_udivmodhi4.o)
 .data          0x00800249        0x0 c:/program files/winavr/bin/../lib/gcc/avr/4.3.2/avr51\libgcc.a(_prologue.o)
 .data          0x00800249        0x0 c:/program files/winavr/bin/../lib/gcc/avr/4.3.2/avr51\libgcc.a(_epilogue.o)
 .data          0x00800249        0x0 c:/program files/winavr/bin/../lib/gcc/avr/4.3.2/avr51\libgcc.a(_tablejump.o)
 .data          0x00800249        0x0 c:/program files/winavr/bin/../lib/gcc/avr/4.3.2/avr51\libgcc.a(_clzsi2.o)
 .data          0x00800249        0x0 c:/program files/winavr/bin/../lib/gcc/avr/4.3.2/avr51\libgcc.a(_pack_sf.o)
 .data          0x00800249        0x0 c:/program files/winavr/bin/../lib/gcc/avr/4.3.2/avr51\libgcc.a(_unpack_sf.o)
 .data          0x00800249        0x0 c:/program files/winavr/bin/../lib/gcc/avr/4.3.2/avr51\libgcc.a(_fpcmp_parts_sf.o)
 .data          0x00800249      0x100 c:/program files/winavr/bin/../lib/gcc/avr/4.3.2/avr51\libgcc.a(_clz.o)
                0x00800249                __clz_tab
 .data          0x00800349        0x4 c:/program files/winavr/bin/../lib/gcc/avr/4.3.2/../../../../avr/lib/avr51\libc.a(random.o)
 *(.data*)
 *(.rodata)
 *(.rodata*)
 *(.gnu.linkonce.d*)
                0x0080034e                . = ALIGN (0x2)
 *fill*         0x0080034d        0x1 00
                0x0080034e                _edata = .
                0x0080034e                PROVIDE (__data_end, .)

.bss            0x0080034e      0x29f
                0x0080034e                PROVIDE (__bss_start, .)
 *(.bss)
 .bss           0x0080034e        0x0 c:/program files/winavr/bin/../lib/gcc/avr/4.3.2/../../../../avr/lib/avr51/crtm1280.o
 .bss           0x0080034e      0x25c ./HardwareSerial.o
                0x00800571                Serial1
                0x008003d2                rx_buffer1
                0x0080055e                Serial0
                0x00800597                Serial3
                0x0080034e                rx_buffer0
                0x00800456                rx_buffer2
                0x008004da                rx_buffer3
                0x00800584                Serial2
 .bss           0x008005aa        0x0 ./Print.o
 .bss           0x008005aa       0x2a ./Tone.o
                0x008005b0                timer0_pin_mask
                0x008005c5                timer3_pin_mask
                0x008005cd                timer5_toggle_count
                0x008005bc                timer2_pin_port
                0x008005cc                timer4_pin_mask
                0x008005c3                timer3_pin_port
                0x008005c6                timer4_toggle_count
                0x008005bf                timer3_toggle_count
                0x008005be                timer2_pin_mask
                0x008005d1                timer5_pin_port
                0x008005ca                timer4_pin_port
                0x008005ae                timer0_pin_port
                0x008005b1                timer1_toggle_count
                0x008005b7                timer1_pin_mask
                0x008005b5                timer1_pin_port
                0x008005aa                timer0_toggle_count
                0x008005d3                timer5_pin_mask
                0x008005b8                timer2_toggle_count
 .bss           0x008005d4       0x10 ./WInterrupts.o
 .bss           0x008005e4        0x0 ./WMath.o
 .bss           0x008005e4        0x0 ./main.o
 .bss           0x008005e4        0x0 ./pins_arduino.o
 .bss           0x008005e4        0x9 ./wiring.o
                0x008005e4                timer0_overflow_count
                0x008005e8                timer0_millis
 .bss           0x008005ed        0x0 ./wiring_analog.o
 .bss           0x008005ed        0x0 ./wiring_digital.o
 .bss           0x008005ed        0x0 ./wiring_pulse.o
 .bss           0x008005ed        0x0 ./wiring_shift.o
 .bss           0x008005ed        0x0 c:/program files/winavr/bin/../lib/gcc/avr/4.3.2/avr51\libgcc.a(_mulsi3.o)
 .bss           0x008005ed        0x0 c:/program files/winavr/bin/../lib/gcc/avr/4.3.2/avr51\libgcc.a(_divmodhi4.o)
 .bss           0x008005ed        0x0 c:/program files/winavr/bin/../lib/gcc/avr/4.3.2/avr51\libgcc.a(_udivmodsi4.o)
 .bss           0x008005ed        0x0 c:/program files/winavr/bin/../lib/gcc/avr/4.3.2/avr51\libgcc.a(_divmodsi4.o)
 .bss           0x008005ed        0x0 c:/program files/winavr/bin/../lib/gcc/avr/4.3.2/avr51\libgcc.a(_exit.o)
 .bss           0x008005ed        0x0 c:/program files/winavr/bin/../lib/gcc/avr/4.3.2/avr51\libgcc.a(_clear_bss.o)
 .bss           0x008005ed        0x0 c:/program files/winavr/bin/../lib/gcc/avr/4.3.2/avr51\libgcc.a(_ctors.o)
 .bss           0x008005ed        0x0 c:/program files/winavr/bin/../lib/gcc/avr/4.3.2/avr51\libgcc.a(_fixunssfsi.o)
 .bss           0x008005ed        0x0 c:/program files/winavr/bin/../lib/gcc/avr/4.3.2/avr51\libgcc.a(_addsub_sf.o)
 .bss           0x008005ed        0x0 c:/program files/winavr/bin/../lib/gcc/avr/4.3.2/avr51\libgcc.a(_mul_sf.o)
 .bss           0x008005ed        0x0 c:/program files/winavr/bin/../lib/gcc/avr/4.3.2/avr51\libgcc.a(_div_sf.o)
 .bss           0x008005ed        0x0 c:/program files/winavr/bin/../lib/gcc/avr/4.3.2/avr51\libgcc.a(_ge_sf.o)
 .bss           0x008005ed        0x0 c:/program files/winavr/bin/../lib/gcc/avr/4.3.2/avr51\libgcc.a(_lt_sf.o)
 .bss           0x008005ed        0x0 c:/program files/winavr/bin/../lib/gcc/avr/4.3.2/avr51\libgcc.a(_si_to_sf.o)
 .bss           0x008005ed        0x0 c:/program files/winavr/bin/../lib/gcc/avr/4.3.2/avr51\libgcc.a(_sf_to_si.o)
 .bss           0x008005ed        0x0 c:/program files/winavr/bin/../lib/gcc/avr/4.3.2/avr51\libgcc.a(_thenan_sf.o)
 .bss           0x008005ed        0x0 c:/program files/winavr/bin/../lib/gcc/avr/4.3.2/avr51\libgcc.a(_usi_to_sf.o)
 .bss           0x008005ed        0x0 c:/program files/winavr/bin/../lib/gcc/avr/4.3.2/avr51\libgcc.a(_udivmodhi4.o)
 .bss           0x008005ed        0x0 c:/program files/winavr/bin/../lib/gcc/avr/4.3.2/avr51\libgcc.a(_prologue.o)
 .bss           0x008005ed        0x0 c:/program files/winavr/bin/../lib/gcc/avr/4.3.2/avr51\libgcc.a(_epilogue.o)
 .bss           0x008005ed        0x0 c:/program files/winavr/bin/../lib/gcc/avr/4.3.2/avr51\libgcc.a(_tablejump.o)
 .bss           0x008005ed        0x0 c:/program files/winavr/bin/../lib/gcc/avr/4.3.2/avr51\libgcc.a(_clzsi2.o)
 .bss           0x008005ed        0x0 c:/program files/winavr/bin/../lib/gcc/avr/4.3.2/avr51\libgcc.a(_pack_sf.o)
 .bss           0x008005ed        0x0 c:/program files/winavr/bin/../lib/gcc/avr/4.3.2/avr51\libgcc.a(_unpack_sf.o)
 .bss           0x008005ed        0x0 c:/program files/winavr/bin/../lib/gcc/avr/4.3.2/avr51\libgcc.a(_fpcmp_parts_sf.o)
 .bss           0x008005ed        0x0 c:/program files/winavr/bin/../lib/gcc/avr/4.3.2/avr51\libgcc.a(_clz.o)
 .bss           0x008005ed        0x0 c:/program files/winavr/bin/../lib/gcc/avr/4.3.2/../../../../avr/lib/avr51\libc.a(random.o)
 *(.bss*)
 *(COMMON)
                0x008005ed                PROVIDE (__bss_end, .)
                0x000033ee                __data_load_start = LOADADDR (.data)
                0x0000353c                __data_load_end = (__data_load_start + SIZEOF (.data))

.noinit         0x008005ed        0x0
                0x008005ed                PROVIDE (__noinit_start, .)
 *(.noinit*)
                0x008005ed                PROVIDE (__noinit_end, .)
                0x008005ed                _end = .
                0x008005ed                PROVIDE (__heap_start, .)

.eeprom         0x00810000        0x0
 *(.eeprom*)
                0x00810000                __eeprom_end = .

.fuse
 *(.fuse)
 *(.lfuse)
 *(.hfuse)
 *(.efuse)

.lock
 *(.lock*)

.signature
 *(.signature*)

.stab
 *(.stab)

.stabstr
 *(.stabstr)

.stab.excl
 *(.stab.excl)

.stab.exclstr
 *(.stab.exclstr)

.stab.index
 *(.stab.index)

.stab.indexstr
 *(.stab.indexstr)

.comment
 *(.comment)

.debug
 *(.debug)

.line
 *(.line)

.debug_srcinfo
 *(.debug_srcinfo)

.debug_sfnames
 *(.debug_sfnames)

.debug_aranges
 *(.debug_aranges)

.debug_pubnames
 *(.debug_pubnames)

.debug_info
 *(.debug_info)
 *(.gnu.linkonce.wi.*)

.debug_abbrev
 *(.debug_abbrev)

.debug_line
 *(.debug_line)

.debug_frame
 *(.debug_frame)

.debug_str
 *(.debug_str)

.debug_loc
 *(.debug_loc)

.debug_macinfo
 *(.debug_macinfo)
OUTPUT(arduino.elf elf32-avr)
LOAD linker stubs

Cross Reference Table

Symbol                                            File
HardwareSerial::HardwareSerial(ring_buffer*, unsigned char volatile*, unsigned char volatile*, unsigned char volatile*, unsigned char volatile*, unsigned char volatile*, unsigned char, unsigned char, unsigned char, unsigned char, unsigned char) ./HardwareSerial.o
HardwareSerial::HardwareSerial(ring_buffer*, unsigned char volatile*, unsigned char volatile*, unsigned char volatile*, unsigned char volatile*, unsigned char volatile*, unsigned char, unsigned char, unsigned char, unsigned char, unsigned char) ./HardwareSerial.o
HardwareSerial::available()                       ./HardwareSerial.o
HardwareSerial::begin(unsigned long)              ./HardwareSerial.o
                                                  ./main.o
HardwareSerial::end()                             ./HardwareSerial.o
HardwareSerial::flush()                           ./HardwareSerial.o
HardwareSerial::read()                            ./HardwareSerial.o
HardwareSerial::write(unsigned char)              ./HardwareSerial.o
Print::print(char const*)                         ./Print.o
Print::print(char, int)                           ./Print.o
Print::print(double, int)                         ./Print.o
Print::print(int, int)                            ./Print.o
Print::print(long, int)                           ./Print.o
Print::print(unsigned char, int)                  ./Print.o
Print::print(unsigned int, int)                   ./Print.o
Print::print(unsigned long, int)                  ./Print.o
Print::printFloat(double, unsigned char)          ./Print.o
Print::printNumber(unsigned long, unsigned char)  ./Print.o
Print::println()                                  ./Print.o
Print::println(char const*)                       ./Print.o
                                                  ./main.o
Print::println(char, int)                         ./Print.o
Print::println(double, int)                       ./Print.o
Print::println(int, int)                          ./Print.o
Print::println(long, int)                         ./Print.o
Print::println(unsigned char, int)                ./Print.o
Print::println(unsigned int, int)                 ./Print.o
Print::println(unsigned long, int)                ./Print.o
Print::write(char const*)                         ./Print.o
                                                  ./HardwareSerial.o
Print::write(unsigned char const*, unsigned int)  ./Print.o
                                                  ./HardwareSerial.o
Serial0                                           ./HardwareSerial.o
                                                  ./main.o
Serial1                                           ./HardwareSerial.o
Serial2                                           ./HardwareSerial.o
Serial3                                           ./HardwareSerial.o
__addsf3                                          c:/program files/winavr/bin/../lib/gcc/avr/4.3.2/avr51\libgcc.a(_addsub_sf.o)
                                                  ./Print.o
__bad_interrupt                                   c:/program files/winavr/bin/../lib/gcc/avr/4.3.2/../../../../avr/lib/avr51/crtm1280.o
__bss_end                                         c:/program files/winavr/bin/../lib/gcc/avr/4.3.2/avr51\libgcc.a(_clear_bss.o)
__bss_start                                       c:/program files/winavr/bin/../lib/gcc/avr/4.3.2/avr51\libgcc.a(_clear_bss.o)
__clz_tab                                         c:/program files/winavr/bin/../lib/gcc/avr/4.3.2/avr51\libgcc.a(_clz.o)
                                                  c:/program files/winavr/bin/../lib/gcc/avr/4.3.2/avr51\libgcc.a(_clzsi2.o)
__clzsi2                                          c:/program files/winavr/bin/../lib/gcc/avr/4.3.2/avr51\libgcc.a(_clzsi2.o)
                                                  c:/program files/winavr/bin/../lib/gcc/avr/4.3.2/avr51\libgcc.a(_usi_to_sf.o)
                                                  c:/program files/winavr/bin/../lib/gcc/avr/4.3.2/avr51\libgcc.a(_si_to_sf.o)
__ctors_end                                       c:/program files/winavr/bin/../lib/gcc/avr/4.3.2/avr51\libgcc.a(_ctors.o)
__ctors_start                                     c:/program files/winavr/bin/../lib/gcc/avr/4.3.2/avr51\libgcc.a(_ctors.o)
__data_end                                        c:/program files/winavr/bin/../lib/gcc/avr/4.3.2/../../../../avr/lib/avr51/crtm1280.o
__data_load_start                                 c:/program files/winavr/bin/../lib/gcc/avr/4.3.2/../../../../avr/lib/avr51/crtm1280.o
__data_start                                      c:/program files/winavr/bin/../lib/gcc/avr/4.3.2/../../../../avr/lib/avr51/crtm1280.o
__divmodhi4                                       c:/program files/winavr/bin/../lib/gcc/avr/4.3.2/avr51\libgcc.a(_divmodhi4.o)
                                                  ./HardwareSerial.o
__divmodsi4                                       c:/program files/winavr/bin/../lib/gcc/avr/4.3.2/avr51\libgcc.a(_divmodsi4.o)
                                                  c:/program files/winavr/bin/../lib/gcc/avr/4.3.2/../../../../avr/lib/avr51\libc.a(random.o)
                                                  ./WMath.o
__divsf3                                          c:/program files/winavr/bin/../lib/gcc/avr/4.3.2/avr51\libgcc.a(_div_sf.o)
                                                  ./Print.o
__do_clear_bss                                    c:/program files/winavr/bin/../lib/gcc/avr/4.3.2/avr51\libgcc.a(_clear_bss.o)
                                                  ./wiring.o
                                                  ./WInterrupts.o
                                                  ./Tone.o
                                                  ./HardwareSerial.o
__do_copy_data                                    c:/program files/winavr/bin/../lib/gcc/avr/4.3.2/../../../../avr/lib/avr51/crtm1280.o
                                                  c:/program files/winavr/bin/../lib/gcc/avr/4.3.2/../../../../avr/lib/avr51\libc.a(random.o)
                                                  c:/program files/winavr/bin/../lib/gcc/avr/4.3.2/avr51\libgcc.a(_clz.o)
                                                  c:/program files/winavr/bin/../lib/gcc/avr/4.3.2/avr51\libgcc.a(_thenan_sf.o)
                                                  ./wiring_analog.o
                                                  ./main.o
                                                  ./Tone.o
                                                  ./Print.o
                                                  ./HardwareSerial.o
__do_global_ctors                                 c:/program files/winavr/bin/../lib/gcc/avr/4.3.2/avr51\libgcc.a(_ctors.o)
                                                  ./HardwareSerial.o
__epilogue_restores__                             c:/program files/winavr/bin/../lib/gcc/avr/4.3.2/avr51\libgcc.a(_epilogue.o)
                                                  c:/program files/winavr/bin/../lib/gcc/avr/4.3.2/../../../../avr/lib/avr51\libc.a(random.o)
                                                  c:/program files/winavr/bin/../lib/gcc/avr/4.3.2/avr51\libgcc.a(_usi_to_sf.o)
                                                  c:/program files/winavr/bin/../lib/gcc/avr/4.3.2/avr51\libgcc.a(_sf_to_si.o)
                                                  c:/program files/winavr/bin/../lib/gcc/avr/4.3.2/avr51\libgcc.a(_si_to_sf.o)
                                                  c:/program files/winavr/bin/../lib/gcc/avr/4.3.2/avr51\libgcc.a(_lt_sf.o)
                                                  c:/program files/winavr/bin/../lib/gcc/avr/4.3.2/avr51\libgcc.a(_ge_sf.o)
                                                  c:/program files/winavr/bin/../lib/gcc/avr/4.3.2/avr51\libgcc.a(_div_sf.o)
                                                  c:/program files/winavr/bin/../lib/gcc/avr/4.3.2/avr51\libgcc.a(_mul_sf.o)
                                                  c:/program files/winavr/bin/../lib/gcc/avr/4.3.2/avr51\libgcc.a(_addsub_sf.o)
__fixsfsi                                         c:/program files/winavr/bin/../lib/gcc/avr/4.3.2/avr51\libgcc.a(_sf_to_si.o)
                                                  c:/program files/winavr/bin/../lib/gcc/avr/4.3.2/avr51\libgcc.a(_fixunssfsi.o)
                                                  ./Print.o
__fixunssfsi                                      c:/program files/winavr/bin/../lib/gcc/avr/4.3.2/avr51\libgcc.a(_fixunssfsi.o)
                                                  ./Print.o
__floatsisf                                       c:/program files/winavr/bin/../lib/gcc/avr/4.3.2/avr51\libgcc.a(_si_to_sf.o)
                                                  ./Print.o
__floatunsisf                                     c:/program files/winavr/bin/../lib/gcc/avr/4.3.2/avr51\libgcc.a(_usi_to_sf.o)
                                                  ./Print.o
__fpcmp_parts_f                                   c:/program files/winavr/bin/../lib/gcc/avr/4.3.2/avr51\libgcc.a(_fpcmp_parts_sf.o)
                                                  c:/program files/winavr/bin/../lib/gcc/avr/4.3.2/avr51\libgcc.a(_lt_sf.o)
                                                  c:/program files/winavr/bin/../lib/gcc/avr/4.3.2/avr51\libgcc.a(_ge_sf.o)
__gesf2                                           c:/program files/winavr/bin/../lib/gcc/avr/4.3.2/avr51\libgcc.a(_ge_sf.o)
                                                  c:/program files/winavr/bin/../lib/gcc/avr/4.3.2/avr51\libgcc.a(_fixunssfsi.o)
__heap_end                                        c:/program files/winavr/bin/../lib/gcc/avr/4.3.2/../../../../avr/lib/avr51/crtm1280.o
__init                                            c:/program files/winavr/bin/../lib/gcc/avr/4.3.2/../../../../avr/lib/avr51/crtm1280.o
__ltsf2                                           c:/program files/winavr/bin/../lib/gcc/avr/4.3.2/avr51\libgcc.a(_lt_sf.o)
                                                  ./Print.o
__mulsf3                                          c:/program files/winavr/bin/../lib/gcc/avr/4.3.2/avr51\libgcc.a(_mul_sf.o)
                                                  ./Print.o
__mulsi3                                          c:/program files/winavr/bin/../lib/gcc/avr/4.3.2/avr51\libgcc.a(_mulsi3.o)
                                                  c:/program files/winavr/bin/../lib/gcc/avr/4.3.2/../../../../avr/lib/avr51\libc.a(random.o)
                                                  ./wiring_pulse.o
                                                  ./WMath.o
                                                  ./Tone.o
                                                  ./HardwareSerial.o
__pack_f                                          c:/program files/winavr/bin/../lib/gcc/avr/4.3.2/avr51\libgcc.a(_pack_sf.o)
                                                  c:/program files/winavr/bin/../lib/gcc/avr/4.3.2/avr51\libgcc.a(_usi_to_sf.o)
                                                  c:/program files/winavr/bin/../lib/gcc/avr/4.3.2/avr51\libgcc.a(_si_to_sf.o)
                                                  c:/program files/winavr/bin/../lib/gcc/avr/4.3.2/avr51\libgcc.a(_div_sf.o)
                                                  c:/program files/winavr/bin/../lib/gcc/avr/4.3.2/avr51\libgcc.a(_mul_sf.o)
                                                  c:/program files/winavr/bin/../lib/gcc/avr/4.3.2/avr51\libgcc.a(_addsub_sf.o)
__prologue_saves__                                c:/program files/winavr/bin/../lib/gcc/avr/4.3.2/avr51\libgcc.a(_prologue.o)
                                                  c:/program files/winavr/bin/../lib/gcc/avr/4.3.2/../../../../avr/lib/avr51\libc.a(random.o)
                                                  c:/program files/winavr/bin/../lib/gcc/avr/4.3.2/avr51\libgcc.a(_usi_to_sf.o)
                                                  c:/program files/winavr/bin/../lib/gcc/avr/4.3.2/avr51\libgcc.a(_sf_to_si.o)
                                                  c:/program files/winavr/bin/../lib/gcc/avr/4.3.2/avr51\libgcc.a(_si_to_sf.o)
                                                  c:/program files/winavr/bin/../lib/gcc/avr/4.3.2/avr51\libgcc.a(_lt_sf.o)
                                                  c:/program files/winavr/bin/../lib/gcc/avr/4.3.2/avr51\libgcc.a(_ge_sf.o)
                                                  c:/program files/winavr/bin/../lib/gcc/avr/4.3.2/avr51\libgcc.a(_div_sf.o)
                                                  c:/program files/winavr/bin/../lib/gcc/avr/4.3.2/avr51\libgcc.a(_mul_sf.o)
                                                  c:/program files/winavr/bin/../lib/gcc/avr/4.3.2/avr51\libgcc.a(_addsub_sf.o)
__stack                                           c:/program files/winavr/bin/../lib/gcc/avr/4.3.2/../../../../avr/lib/avr51/crtm1280.o
__subsf3                                          c:/program files/winavr/bin/../lib/gcc/avr/4.3.2/avr51\libgcc.a(_addsub_sf.o)
                                                  c:/program files/winavr/bin/../lib/gcc/avr/4.3.2/avr51\libgcc.a(_fixunssfsi.o)
                                                  ./Print.o
__tablejump2__                                    c:/program files/winavr/bin/../lib/gcc/avr/4.3.2/avr51\libgcc.a(_tablejump.o)
__tablejump__                                     c:/program files/winavr/bin/../lib/gcc/avr/4.3.2/avr51\libgcc.a(_tablejump.o)
                                                  c:/program files/winavr/bin/../lib/gcc/avr/4.3.2/avr51\libgcc.a(_ctors.o)
__thenan_sf                                       c:/program files/winavr/bin/../lib/gcc/avr/4.3.2/avr51\libgcc.a(_thenan_sf.o)
                                                  c:/program files/winavr/bin/../lib/gcc/avr/4.3.2/avr51\libgcc.a(_div_sf.o)
                                                  c:/program files/winavr/bin/../lib/gcc/avr/4.3.2/avr51\libgcc.a(_mul_sf.o)
                                                  c:/program files/winavr/bin/../lib/gcc/avr/4.3.2/avr51\libgcc.a(_addsub_sf.o)
__udivmodhi4                                      c:/program files/winavr/bin/../lib/gcc/avr/4.3.2/avr51\libgcc.a(_udivmodhi4.o)
                                                  c:/program files/winavr/bin/../lib/gcc/avr/4.3.2/avr51\libgcc.a(_divmodhi4.o)
__udivmodsi4                                      c:/program files/winavr/bin/../lib/gcc/avr/4.3.2/avr51\libgcc.a(_udivmodsi4.o)
                                                  c:/program files/winavr/bin/../lib/gcc/avr/4.3.2/avr51\libgcc.a(_divmodsi4.o)
                                                  ./Tone.o
                                                  ./Print.o
                                                  ./HardwareSerial.o
__unpack_f                                        c:/program files/winavr/bin/../lib/gcc/avr/4.3.2/avr51\libgcc.a(_unpack_sf.o)
                                                  c:/program files/winavr/bin/../lib/gcc/avr/4.3.2/avr51\libgcc.a(_sf_to_si.o)
                                                  c:/program files/winavr/bin/../lib/gcc/avr/4.3.2/avr51\libgcc.a(_lt_sf.o)
                                                  c:/program files/winavr/bin/../lib/gcc/avr/4.3.2/avr51\libgcc.a(_ge_sf.o)
                                                  c:/program files/winavr/bin/../lib/gcc/avr/4.3.2/avr51\libgcc.a(_div_sf.o)
                                                  c:/program files/winavr/bin/../lib/gcc/avr/4.3.2/avr51\libgcc.a(_mul_sf.o)
                                                  c:/program files/winavr/bin/../lib/gcc/avr/4.3.2/avr51\libgcc.a(_addsub_sf.o)
__vector_1                                        ./WInterrupts.o
                                                  c:/program files/winavr/bin/../lib/gcc/avr/4.3.2/../../../../avr/lib/avr51/crtm1280.o
__vector_10                                       c:/program files/winavr/bin/../lib/gcc/avr/4.3.2/../../../../avr/lib/avr51/crtm1280.o
__vector_11                                       c:/program files/winavr/bin/../lib/gcc/avr/4.3.2/../../../../avr/lib/avr51/crtm1280.o
__vector_12                                       c:/program files/winavr/bin/../lib/gcc/avr/4.3.2/../../../../avr/lib/avr51/crtm1280.o
__vector_13                                       ./Tone.o
                                                  c:/program files/winavr/bin/../lib/gcc/avr/4.3.2/../../../../avr/lib/avr51/crtm1280.o
__vector_14                                       c:/program files/winavr/bin/../lib/gcc/avr/4.3.2/../../../../avr/lib/avr51/crtm1280.o
__vector_15                                       c:/program files/winavr/bin/../lib/gcc/avr/4.3.2/../../../../avr/lib/avr51/crtm1280.o
__vector_16                                       c:/program files/winavr/bin/../lib/gcc/avr/4.3.2/../../../../avr/lib/avr51/crtm1280.o
__vector_17                                       c:/program files/winavr/bin/../lib/gcc/avr/4.3.2/../../../../avr/lib/avr51/crtm1280.o
__vector_18                                       c:/program files/winavr/bin/../lib/gcc/avr/4.3.2/../../../../avr/lib/avr51/crtm1280.o
__vector_19                                       c:/program files/winavr/bin/../lib/gcc/avr/4.3.2/../../../../avr/lib/avr51/crtm1280.o
__vector_2                                        ./WInterrupts.o
                                                  c:/program files/winavr/bin/../lib/gcc/avr/4.3.2/../../../../avr/lib/avr51/crtm1280.o
__vector_20                                       c:/program files/winavr/bin/../lib/gcc/avr/4.3.2/../../../../avr/lib/avr51/crtm1280.o
__vector_21                                       c:/program files/winavr/bin/../lib/gcc/avr/4.3.2/../../../../avr/lib/avr51/crtm1280.o
__vector_22                                       c:/program files/winavr/bin/../lib/gcc/avr/4.3.2/../../../../avr/lib/avr51/crtm1280.o
__vector_23                                       ./wiring.o
                                                  c:/program files/winavr/bin/../lib/gcc/avr/4.3.2/../../../../avr/lib/avr51/crtm1280.o
__vector_24                                       c:/program files/winavr/bin/../lib/gcc/avr/4.3.2/../../../../avr/lib/avr51/crtm1280.o
__vector_25                                       ./HardwareSerial.o
                                                  c:/program files/winavr/bin/../lib/gcc/avr/4.3.2/../../../../avr/lib/avr51/crtm1280.o
__vector_26                                       c:/program files/winavr/bin/../lib/gcc/avr/4.3.2/../../../../avr/lib/avr51/crtm1280.o
__vector_27                                       c:/program files/winavr/bin/../lib/gcc/avr/4.3.2/../../../../avr/lib/avr51/crtm1280.o
__vector_28                                       c:/program files/winavr/bin/../lib/gcc/avr/4.3.2/../../../../avr/lib/avr51/crtm1280.o
__vector_29                                       c:/program files/winavr/bin/../lib/gcc/avr/4.3.2/../../../../avr/lib/avr51/crtm1280.o
__vector_3                                        ./WInterrupts.o
                                                  c:/program files/winavr/bin/../lib/gcc/avr/4.3.2/../../../../avr/lib/avr51/crtm1280.o
__vector_30                                       c:/program files/winavr/bin/../lib/gcc/avr/4.3.2/../../../../avr/lib/avr51/crtm1280.o
__vector_31                                       c:/program files/winavr/bin/../lib/gcc/avr/4.3.2/../../../../avr/lib/avr51/crtm1280.o
__vector_32                                       c:/program files/winavr/bin/../lib/gcc/avr/4.3.2/../../../../avr/lib/avr51/crtm1280.o
__vector_33                                       c:/program files/winavr/bin/../lib/gcc/avr/4.3.2/../../../../avr/lib/avr51/crtm1280.o
__vector_34                                       c:/program files/winavr/bin/../lib/gcc/avr/4.3.2/../../../../avr/lib/avr51/crtm1280.o
__vector_35                                       c:/program files/winavr/bin/../lib/gcc/avr/4.3.2/../../../../avr/lib/avr51/crtm1280.o
__vector_36                                       ./HardwareSerial.o
                                                  c:/program files/winavr/bin/../lib/gcc/avr/4.3.2/../../../../avr/lib/avr51/crtm1280.o
__vector_37                                       c:/program files/winavr/bin/../lib/gcc/avr/4.3.2/../../../../avr/lib/avr51/crtm1280.o
__vector_38                                       c:/program files/winavr/bin/../lib/gcc/avr/4.3.2/../../../../avr/lib/avr51/crtm1280.o
__vector_39                                       c:/program files/winavr/bin/../lib/gcc/avr/4.3.2/../../../../avr/lib/avr51/crtm1280.o
__vector_4                                        ./WInterrupts.o
                                                  c:/program files/winavr/bin/../lib/gcc/avr/4.3.2/../../../../avr/lib/avr51/crtm1280.o
__vector_40                                       c:/program files/winavr/bin/../lib/gcc/avr/4.3.2/../../../../avr/lib/avr51/crtm1280.o
__vector_41                                       c:/program files/winavr/bin/../lib/gcc/avr/4.3.2/../../../../avr/lib/avr51/crtm1280.o
__vector_42                                       c:/program files/winavr/bin/../lib/gcc/avr/4.3.2/../../../../avr/lib/avr51/crtm1280.o
__vector_43                                       c:/program files/winavr/bin/../lib/gcc/avr/4.3.2/../../../../avr/lib/avr51/crtm1280.o
__vector_44                                       c:/program files/winavr/bin/../lib/gcc/avr/4.3.2/../../../../avr/lib/avr51/crtm1280.o
__vector_45                                       c:/program files/winavr/bin/../lib/gcc/avr/4.3.2/../../../../avr/lib/avr51/crtm1280.o
__vector_46                                       c:/program files/winavr/bin/../lib/gcc/avr/4.3.2/../../../../avr/lib/avr51/crtm1280.o
__vector_47                                       c:/program files/winavr/bin/../lib/gcc/avr/4.3.2/../../../../avr/lib/avr51/crtm1280.o
__vector_48                                       c:/program files/winavr/bin/../lib/gcc/avr/4.3.2/../../../../avr/lib/avr51/crtm1280.o
__vector_49                                       c:/program files/winavr/bin/../lib/gcc/avr/4.3.2/../../../../avr/lib/avr51/crtm1280.o
__vector_5                                        ./WInterrupts.o
                                                  c:/program files/winavr/bin/../lib/gcc/avr/4.3.2/../../../../avr/lib/avr51/crtm1280.o
__vector_50                                       c:/program files/winavr/bin/../lib/gcc/avr/4.3.2/../../../../avr/lib/avr51/crtm1280.o
__vector_51                                       ./HardwareSerial.o
                                                  c:/program files/winavr/bin/../lib/gcc/avr/4.3.2/../../../../avr/lib/avr51/crtm1280.o
__vector_52                                       c:/program files/winavr/bin/../lib/gcc/avr/4.3.2/../../../../avr/lib/avr51/crtm1280.o
__vector_53                                       c:/program files/winavr/bin/../lib/gcc/avr/4.3.2/../../../../avr/lib/avr51/crtm1280.o
__vector_54                                       ./HardwareSerial.o
                                                  c:/program files/winavr/bin/../lib/gcc/avr/4.3.2/../../../../avr/lib/avr51/crtm1280.o
__vector_55                                       c:/program files/winavr/bin/../lib/gcc/avr/4.3.2/../../../../avr/lib/avr51/crtm1280.o
__vector_56                                       c:/program files/winavr/bin/../lib/gcc/avr/4.3.2/../../../../avr/lib/avr51/crtm1280.o
__vector_6                                        ./WInterrupts.o
                                                  c:/program files/winavr/bin/../lib/gcc/avr/4.3.2/../../../../avr/lib/avr51/crtm1280.o
__vector_7                                        ./WInterrupts.o
                                                  c:/program files/winavr/bin/../lib/gcc/avr/4.3.2/../../../../avr/lib/avr51/crtm1280.o
__vector_8                                        ./WInterrupts.o
                                                  c:/program files/winavr/bin/../lib/gcc/avr/4.3.2/../../../../avr/lib/avr51/crtm1280.o
__vector_9                                        c:/program files/winavr/bin/../lib/gcc/avr/4.3.2/../../../../avr/lib/avr51/crtm1280.o
__vector_default                                  c:/program files/winavr/bin/../lib/gcc/avr/4.3.2/../../../../avr/lib/avr51/crtm1280.o
__vectors                                         c:/program files/winavr/bin/../lib/gcc/avr/4.3.2/../../../../avr/lib/avr51/crtm1280.o
_div                                              c:/program files/winavr/bin/../lib/gcc/avr/4.3.2/avr51\libgcc.a(_divmodhi4.o)
_exit                                             c:/program files/winavr/bin/../lib/gcc/avr/4.3.2/avr51\libgcc.a(_exit.o)
analogRead                                        ./wiring_analog.o
analogReference                                   ./wiring_analog.o
analogWrite                                       ./wiring_analog.o
analog_reference                                  ./wiring_analog.o
attachInterrupt                                   ./WInterrupts.o
delay                                             ./wiring.o
delayMicroseconds                                 ./wiring.o
detachInterrupt                                   ./WInterrupts.o
digitalRead                                       ./wiring_digital.o
digitalWrite                                      ./wiring_digital.o
                                                  ./wiring_shift.o
                                                  ./wiring_analog.o
                                                  ./Tone.o
digital_pin_to_bit_mask_PGM                       ./pins_arduino.o
                                                  ./wiring_pulse.o
                                                  ./wiring_digital.o
                                                  ./Tone.o
digital_pin_to_port_PGM                           ./pins_arduino.o
                                                  ./wiring_pulse.o
                                                  ./wiring_digital.o
                                                  ./Tone.o
digital_pin_to_timer_PGM                          ./pins_arduino.o
                                                  ./wiring_digital.o
                                                  ./wiring_analog.o
exit                                              c:/program files/winavr/bin/../lib/gcc/avr/4.3.2/avr51\libgcc.a(_exit.o)
                                                  c:/program files/winavr/bin/../lib/gcc/avr/4.3.2/../../../../avr/lib/avr51/crtm1280.o
init                                              ./wiring.o
                                                  ./main.o
main                                              ./main.o
                                                  c:/program files/winavr/bin/../lib/gcc/avr/4.3.2/../../../../avr/lib/avr51/crtm1280.o
makeWord(unsigned char, unsigned char)            ./WMath.o
makeWord(unsigned int)                            ./WMath.o
map(long, long, long, long, long)                 ./WMath.o
micros                                            ./wiring.o
millis                                            ./wiring.o
noTone(unsigned char)                             ./Tone.o
pinMode                                           ./wiring_digital.o
                                                  ./wiring_analog.o
                                                  ./Tone.o
port_to_input_PGM                                 ./pins_arduino.o
                                                  ./wiring_pulse.o
                                                  ./wiring_digital.o
port_to_mode_PGM                                  ./pins_arduino.o
                                                  ./wiring_digital.o
port_to_output_PGM                                ./pins_arduino.o
                                                  ./wiring_digital.o
                                                  ./Tone.o
pulseIn                                           ./wiring_pulse.o
random                                            c:/program files/winavr/bin/../lib/gcc/avr/4.3.2/../../../../avr/lib/avr51\libc.a(random.o)
                                                  ./WMath.o
random(long)                                      ./WMath.o
random(long, long)                                ./WMath.o
randomSeed(unsigned int)                          ./WMath.o
random_r                                          c:/program files/winavr/bin/../lib/gcc/avr/4.3.2/../../../../avr/lib/avr51\libc.a(random.o)
rx_buffer0                                        ./HardwareSerial.o
rx_buffer1                                        ./HardwareSerial.o
rx_buffer2                                        ./HardwareSerial.o
rx_buffer3                                        ./HardwareSerial.o
setup                                             ./main.o
shiftOut                                          ./wiring_shift.o
srandom                                           c:/program files/winavr/bin/../lib/gcc/avr/4.3.2/../../../../avr/lib/avr51\libc.a(random.o)
                                                  ./WMath.o
timer0_millis                                     ./wiring.o
timer0_overflow_count                             ./wiring.o
timer0_pin_mask                                   ./Tone.o
timer0_pin_port                                   ./Tone.o
timer0_toggle_count                               ./Tone.o
timer1_pin_mask                                   ./Tone.o
timer1_pin_port                                   ./Tone.o
timer1_toggle_count                               ./Tone.o
timer2_pin_mask                                   ./Tone.o
timer2_pin_port                                   ./Tone.o
timer2_toggle_count                               ./Tone.o
timer3_pin_mask                                   ./Tone.o
timer3_pin_port                                   ./Tone.o
timer3_toggle_count                               ./Tone.o
timer4_pin_mask                                   ./Tone.o
timer4_pin_port                                   ./Tone.o
timer4_toggle_count                               ./Tone.o
timer5_pin_mask                                   ./Tone.o
timer5_pin_port                                   ./Tone.o
timer5_toggle_count                               ./Tone.o
tone(unsigned char, unsigned int, unsigned long)  ./Tone.o
vtable for HardwareSerial                         ./HardwareSerial.o
